Copyright 1986-2022 Xilinx, Inc. All Rights Reserved. Copyright 2022-2025 Advanced Micro Devices, Inc. All Rights Reserved.
-----------------------------------------------------------------------------------------------------------------------------------------------------------------------------------------------------
| Tool Version : Vivado v.2025.2 (win64) Build 6299465 Fri Nov 14 19:35:11 GMT 2025
| Date         : Mon May  4 23:11:13 2026
| Host         : DESKTOP-RMFOJ7L running 64-bit major release  (build 9200)
| Command      : report_methodology -file top_reaction_ps2_demo_methodology_drc_routed.rpt -pb top_reaction_ps2_demo_methodology_drc_routed.pb -rpx top_reaction_ps2_demo_methodology_drc_routed.rpx
| Design       : top_reaction_ps2_demo
| Device       : xczu3eg-sfvc784-2-e
| Speed File   : -2
| Design State : Fully Routed
-----------------------------------------------------------------------------------------------------------------------------------------------------------------------------------------------------

Report Methodology

Table of Contents
-----------------
1. REPORT SUMMARY
2. REPORT DETAILS

1. REPORT SUMMARY
-----------------
            Netlist: netlist
          Floorplan: design_1
      Design limits: <entire design considered>
             Max checks: <unlimited>
             Checks found: 82
+-----------+------------------+----------------------------------------------------+--------+
| Rule      | Severity         | Description                                        | Checks |
+-----------+------------------+----------------------------------------------------+--------+
| TIMING-4  | Critical Warning | Invalid primary clock redefinition on a clock tree | 1      |
| TIMING-6  | Critical Warning | No common primary clock between related clocks     | 1      |
| TIMING-7  | Critical Warning | No common node between related clocks              | 1      |
| TIMING-27 | Critical Warning | Invalid primary clock on hierarchical pin          | 1      |
| LUTAR-1   | Warning          | LUT drives async reset alert                       | 1      |
| SYNTH-6   | Warning          | Timing of a RAM block might be sub-optimal         | 2      |
| TIMING-16 | Warning          | Large setup violation                              | 62     |
| TIMING-18 | Warning          | Missing input or output delay                      | 12     |
| CLKC-56   | Advisory         | MMCME4 with global clock driver has no LOC         | 1      |
+-----------+------------------+----------------------------------------------------+--------+

2. REPORT DETAILS
-----------------
TIMING-4#1 Critical Warning
Invalid primary clock redefinition on a clock tree  
Invalid clock redefinition on a clock tree. The primary clock u_clk_hdmi/inst/clk_in1 is defined downstream of clock Clk_100MHz and overrides its insertion delay and/or waveform definition
Related violations: <none>

TIMING-6#1 Critical Warning
No common primary clock between related clocks  
The clocks Clk_100MHz and clk_out1_clk_wiz_hdmi are related (timed together) but they have no common primary clock. The design could fail in hardware. To find a timing path between these clocks, run the following command: report_timing -from [get_clocks Clk_100MHz] -to [get_clocks clk_out1_clk_wiz_hdmi]
Related violations: <none>

TIMING-7#1 Critical Warning
No common node between related clocks  
The clocks Clk_100MHz and clk_out1_clk_wiz_hdmi are related (timed together) but they have no common node. The design could fail in hardware. To find a timing path between these clocks, run the following command: report_timing -from [get_clocks Clk_100MHz] -to [get_clocks clk_out1_clk_wiz_hdmi]
Related violations: <none>

TIMING-27#1 Critical Warning
Invalid primary clock on hierarchical pin  
A primary clock u_clk_hdmi/inst/clk_in1 is created on an inappropriate internal pin u_clk_hdmi/inst/clk_in1. It is not recommended to create a primary clock on a hierarchical pin when its driver pin has a fanout connected to multiple clock pins
Related violations: <none>

LUTAR-1#1 Warning
LUT drives async reset alert  
LUT cell u_hdmi/i_wrap_i_1, with 2 or more inputs, drives asynchronous preset/clear pin(s) u_hdmi/i_wrap/TMDS_0/i_ODDRE_N/RST, u_hdmi/i_wrap/TMDS_0/i_ODDRE_P/RST,
u_hdmi/i_wrap/TMDS_1/i_ODDRE_N/RST, u_hdmi/i_wrap/TMDS_1/i_ODDRE_P/RST,
u_hdmi/i_wrap/TMDS_2/i_ODDRE_N/RST, u_hdmi/i_wrap/TMDS_2/i_ODDRE_P/RST,
u_hdmi/i_wrap/TMDS_3/i_ODDRE_N/RST, u_hdmi/i_wrap/TMDS_3/i_ODDRE_P/RST. The LUT may glitch and trigger an unexpected reset, even if it is a properly timed path.
Related violations: <none>

SYNTH-6#1 Warning
Timing of a RAM block might be sub-optimal  
The timing for the instance u_oled/wrap/i_Ctrl/regASCII_reg_rep, implemented as a RAM block, might be sub-optimal as no output register was merged into the block.
Related violations: <none>

SYNTH-6#2 Warning
Timing of a RAM block might be sub-optimal  
The timing for the instance u_oled/wrap/i_Ctrl/regASCII_reg_rep__0, implemented as a RAM block, might be sub-optimal as no output register was merged into the block.
Related violations: <none>

TIMING-16#1 Warning
Large setup violation  
There is a large setup violation of -1.048 ns between u_top/u_core/saved_time_s_reg[31]_replica_6/C (clocked by Clk_100MHz) and u_oled_ascii_fmt/msg_sent_s_reg[7][3]/D (clocked by Clk_100MHz). Large setup violations at the end of those stages might be difficult to fix during the post-placement implementation flow and could be the result of non-optimal XDC constraints or non-optimal design architecture
Related violations: <none>

TIMING-16#2 Warning
Large setup violation  
There is a large setup violation of -1.326 ns between u_top/u_core/saved_time_s_reg[31]_replica_6/C (clocked by Clk_100MHz) and u_oled_ascii_fmt/msg_sent_s_reg[7][1]/D (clocked by Clk_100MHz). Large setup violations at the end of those stages might be difficult to fix during the post-placement implementation flow and could be the result of non-optimal XDC constraints or non-optimal design architecture
Related violations: <none>

TIMING-16#3 Warning
Large setup violation  
There is a large setup violation of -1.949 ns between u_top/u_core/saved_time_s_reg[31]_replica_6/C (clocked by Clk_100MHz) and u_oled_ascii_fmt/msg_sent_s_reg[6][0]/D (clocked by Clk_100MHz). Large setup violations at the end of those stages might be difficult to fix during the post-placement implementation flow and could be the result of non-optimal XDC constraints or non-optimal design architecture
Related violations: <none>

TIMING-16#4 Warning
Large setup violation  
There is a large setup violation of -4.322 ns between u_top/u_core/avg_time_s_reg[25]/C (clocked by Clk_100MHz) and u_oled_ascii_fmt/msg_sent_s_reg[4][0]/D (clocked by Clk_100MHz). Large setup violations at the end of those stages might be difficult to fix during the post-placement implementation flow and could be the result of non-optimal XDC constraints or non-optimal design architecture
Related violations: <none>

TIMING-16#5 Warning
Large setup violation  
There is a large setup violation of -5.141 ns between u_top/u_core/saved_time_s_reg[31]_replica_6/C (clocked by Clk_100MHz) and u_oled_ascii_fmt/msg_sent_s_reg[6][2]/D (clocked by Clk_100MHz). Large setup violations at the end of those stages might be difficult to fix during the post-placement implementation flow and could be the result of non-optimal XDC constraints or non-optimal design architecture
Related violations: <none>

TIMING-16#6 Warning
Large setup violation  
There is a large setup violation of -5.419 ns between u_top/u_core/saved_time_s_reg[31]_replica_6/C (clocked by Clk_100MHz) and u_oled_ascii_fmt/msg_sent_s_reg[5][0]/D (clocked by Clk_100MHz). Large setup violations at the end of those stages might be difficult to fix during the post-placement implementation flow and could be the result of non-optimal XDC constraints or non-optimal design architecture
Related violations: <none>

TIMING-16#7 Warning
Large setup violation  
There is a large setup violation of -5.431 ns between u_top/u_core/saved_time_s_reg[31]_replica_6/C (clocked by Clk_100MHz) and u_oled_ascii_fmt/msg_sent_s_reg[6][3]/D (clocked by Clk_100MHz). Large setup violations at the end of those stages might be difficult to fix during the post-placement implementation flow and could be the result of non-optimal XDC constraints or non-optimal design architecture
Related violations: <none>

TIMING-16#8 Warning
Large setup violation  
There is a large setup violation of -5.539 ns between u_top/u_core/saved_time_s_reg[31]_replica_6/C (clocked by Clk_100MHz) and u_oled_ascii_fmt/msg_sent_s_reg[6][1]/D (clocked by Clk_100MHz). Large setup violations at the end of those stages might be difficult to fix during the post-placement implementation flow and could be the result of non-optimal XDC constraints or non-optimal design architecture
Related violations: <none>

TIMING-16#9 Warning
Large setup violation  
There is a large setup violation of -6.610 ns between u_top/u_core/avg_time_s_reg[25]/C (clocked by Clk_100MHz) and u_oled_ascii_fmt/msg_sent_s_reg[4][2]/D (clocked by Clk_100MHz). Large setup violations at the end of those stages might be difficult to fix during the post-placement implementation flow and could be the result of non-optimal XDC constraints or non-optimal design architecture
Related violations: <none>

TIMING-16#10 Warning
Large setup violation  
There is a large setup violation of -6.618 ns between u_top/u_core/avg_time_s_reg[25]/C (clocked by Clk_100MHz) and u_oled_ascii_fmt/msg_sent_s_reg[4][1]/D (clocked by Clk_100MHz). Large setup violations at the end of those stages might be difficult to fix during the post-placement implementation flow and could be the result of non-optimal XDC constraints or non-optimal design architecture
Related violations: <none>

TIMING-16#11 Warning
Large setup violation  
There is a large setup violation of -6.730 ns between u_top/u_core/avg_time_s_reg[25]/C (clocked by Clk_100MHz) and u_oled_ascii_fmt/msg_sent_s_reg[4][3]/D (clocked by Clk_100MHz). Large setup violations at the end of those stages might be difficult to fix during the post-placement implementation flow and could be the result of non-optimal XDC constraints or non-optimal design architecture
Related violations: <none>

TIMING-16#12 Warning
Large setup violation  
There is a large setup violation of -6.845 ns between u_top/u_core/saved_time_s_reg[31]_replica_6/C (clocked by Clk_100MHz) and u_oled_ascii_fmt/msg_sent_s_reg[5][3]/D (clocked by Clk_100MHz). Large setup violations at the end of those stages might be difficult to fix during the post-placement implementation flow and could be the result of non-optimal XDC constraints or non-optimal design architecture
Related violations: <none>

TIMING-16#13 Warning
Large setup violation  
There is a large setup violation of -7.038 ns between u_top/u_core/saved_time_s_reg[31]_replica_6/C (clocked by Clk_100MHz) and u_oled_ascii_fmt/msg_sent_s_reg[5][2]/D (clocked by Clk_100MHz). Large setup violations at the end of those stages might be difficult to fix during the post-placement implementation flow and could be the result of non-optimal XDC constraints or non-optimal design architecture
Related violations: <none>

TIMING-16#14 Warning
Large setup violation  
There is a large setup violation of -7.050 ns between u_top/u_core/saved_time_s_reg[31]_replica_6/C (clocked by Clk_100MHz) and u_oled_ascii_fmt/msg_sent_s_reg[5][1]/D (clocked by Clk_100MHz). Large setup violations at the end of those stages might be difficult to fix during the post-placement implementation flow and could be the result of non-optimal XDC constraints or non-optimal design architecture
Related violations: <none>

TIMING-16#15 Warning
Large setup violation  
There is a large setup violation of -7.327 ns between u_top/u_core/saved_time_s_reg[31]_replica_6/C (clocked by Clk_100MHz) and u_oled_ascii_fmt/msg_sent_s_reg[5][3]/CE (clocked by Clk_100MHz). Large setup violations at the end of those stages might be difficult to fix during the post-placement implementation flow and could be the result of non-optimal XDC constraints or non-optimal design architecture
Related violations: <none>

TIMING-16#16 Warning
Large setup violation  
There is a large setup violation of -7.334 ns between u_top/u_core/saved_time_s_reg[31]_replica_6/C (clocked by Clk_100MHz) and u_oled_ascii_fmt/FSM_onehot_state_s_reg[1]/CE (clocked by Clk_100MHz). Large setup violations at the end of those stages might be difficult to fix during the post-placement implementation flow and could be the result of non-optimal XDC constraints or non-optimal design architecture
Related violations: <none>

TIMING-16#17 Warning
Large setup violation  
There is a large setup violation of -7.334 ns between u_top/u_core/saved_time_s_reg[31]_replica_6/C (clocked by Clk_100MHz) and u_oled_ascii_fmt/FSM_onehot_state_s_reg[3]/CE (clocked by Clk_100MHz). Large setup violations at the end of those stages might be difficult to fix during the post-placement implementation flow and could be the result of non-optimal XDC constraints or non-optimal design architecture
Related violations: <none>

TIMING-16#18 Warning
Large setup violation  
There is a large setup violation of -7.334 ns between u_top/u_core/saved_time_s_reg[31]_replica_6/C (clocked by Clk_100MHz) and u_oled_ascii_fmt/FSM_onehot_state_s_reg[4]/CE (clocked by Clk_100MHz). Large setup violations at the end of those stages might be difficult to fix during the post-placement implementation flow and could be the result of non-optimal XDC constraints or non-optimal design architecture
Related violations: <none>

TIMING-16#19 Warning
Large setup violation  
There is a large setup violation of -7.334 ns between u_top/u_core/saved_time_s_reg[31]_replica_6/C (clocked by Clk_100MHz) and u_oled_ascii_fmt/FSM_onehot_state_s_reg[6]/CE (clocked by Clk_100MHz). Large setup violations at the end of those stages might be difficult to fix during the post-placement implementation flow and could be the result of non-optimal XDC constraints or non-optimal design architecture
Related violations: <none>

TIMING-16#20 Warning
Large setup violation  
There is a large setup violation of -7.336 ns between u_top/u_core/saved_time_s_reg[31]_replica_6/C (clocked by Clk_100MHz) and u_oled_ascii_fmt/FSM_onehot_state_s_reg[0]/CE (clocked by Clk_100MHz). Large setup violations at the end of those stages might be difficult to fix during the post-placement implementation flow and could be the result of non-optimal XDC constraints or non-optimal design architecture
Related violations: <none>

TIMING-16#21 Warning
Large setup violation  
There is a large setup violation of -7.336 ns between u_top/u_core/saved_time_s_reg[31]_replica_6/C (clocked by Clk_100MHz) and u_oled_ascii_fmt/FSM_onehot_state_s_reg[2]/CE (clocked by Clk_100MHz). Large setup violations at the end of those stages might be difficult to fix during the post-placement implementation flow and could be the result of non-optimal XDC constraints or non-optimal design architecture
Related violations: <none>

TIMING-16#22 Warning
Large setup violation  
There is a large setup violation of -7.336 ns between u_top/u_core/saved_time_s_reg[31]_replica_6/C (clocked by Clk_100MHz) and u_oled_ascii_fmt/FSM_onehot_state_s_reg[5]/CE (clocked by Clk_100MHz). Large setup violations at the end of those stages might be difficult to fix during the post-placement implementation flow and could be the result of non-optimal XDC constraints or non-optimal design architecture
Related violations: <none>

TIMING-16#23 Warning
Large setup violation  
There is a large setup violation of -7.352 ns between u_top/u_core/saved_time_s_reg[31]_replica_6/C (clocked by Clk_100MHz) and u_oled_ascii_fmt/idx_s_reg[1]/CE (clocked by Clk_100MHz). Large setup violations at the end of those stages might be difficult to fix during the post-placement implementation flow and could be the result of non-optimal XDC constraints or non-optimal design architecture
Related violations: <none>

TIMING-16#24 Warning
Large setup violation  
There is a large setup violation of -7.352 ns between u_top/u_core/saved_time_s_reg[31]_replica_6/C (clocked by Clk_100MHz) and u_oled_ascii_fmt/idx_s_reg[2]/CE (clocked by Clk_100MHz). Large setup violations at the end of those stages might be difficult to fix during the post-placement implementation flow and could be the result of non-optimal XDC constraints or non-optimal design architecture
Related violations: <none>

TIMING-16#25 Warning
Large setup violation  
There is a large setup violation of -7.354 ns between u_top/u_core/saved_time_s_reg[31]_replica_6/C (clocked by Clk_100MHz) and u_oled_ascii_fmt/idx_s_reg[0]/CE (clocked by Clk_100MHz). Large setup violations at the end of those stages might be difficult to fix during the post-placement implementation flow and could be the result of non-optimal XDC constraints or non-optimal design architecture
Related violations: <none>

TIMING-16#26 Warning
Large setup violation  
There is a large setup violation of -7.354 ns between u_top/u_core/saved_time_s_reg[31]_replica_6/C (clocked by Clk_100MHz) and u_oled_ascii_fmt/idx_s_reg[3]/CE (clocked by Clk_100MHz). Large setup violations at the end of those stages might be difficult to fix during the post-placement implementation flow and could be the result of non-optimal XDC constraints or non-optimal design architecture
Related violations: <none>

TIMING-16#27 Warning
Large setup violation  
There is a large setup violation of -7.382 ns between u_top/u_core/saved_time_s_reg[31]_replica_6/C (clocked by Clk_100MHz) and u_oled_ascii_fmt/msg_sent_s_reg[0][4]/CE (clocked by Clk_100MHz). Large setup violations at the end of those stages might be difficult to fix during the post-placement implementation flow and could be the result of non-optimal XDC constraints or non-optimal design architecture
Related violations: <none>

TIMING-16#28 Warning
Large setup violation  
There is a large setup violation of -7.382 ns between u_top/u_core/saved_time_s_reg[31]_replica_6/C (clocked by Clk_100MHz) and u_oled_ascii_fmt/msg_sent_s_reg[0][6]/CE (clocked by Clk_100MHz). Large setup violations at the end of those stages might be difficult to fix during the post-placement implementation flow and could be the result of non-optimal XDC constraints or non-optimal design architecture
Related violations: <none>

TIMING-16#29 Warning
Large setup violation  
There is a large setup violation of -7.382 ns between u_top/u_core/saved_time_s_reg[31]_replica_6/C (clocked by Clk_100MHz) and u_oled_ascii_fmt/msg_sent_s_reg[5][4]/CE (clocked by Clk_100MHz). Large setup violations at the end of those stages might be difficult to fix during the post-placement implementation flow and could be the result of non-optimal XDC constraints or non-optimal design architecture
Related violations: <none>

TIMING-16#30 Warning
Large setup violation  
There is a large setup violation of -7.382 ns between u_top/u_core/saved_time_s_reg[31]_replica_6/C (clocked by Clk_100MHz) and u_oled_ascii_fmt/msg_sent_s_reg[6][0]/CE (clocked by Clk_100MHz). Large setup violations at the end of those stages might be difficult to fix during the post-placement implementation flow and could be the result of non-optimal XDC constraints or non-optimal design architecture
Related violations: <none>

TIMING-16#31 Warning
Large setup violation  
There is a large setup violation of -7.432 ns between u_top/u_core/saved_time_s_reg[31]_replica_6/C (clocked by Clk_100MHz) and u_oled_ascii_fmt/msg_sent_s_reg[7][1]/CE (clocked by Clk_100MHz). Large setup violations at the end of those stages might be difficult to fix during the post-placement implementation flow and could be the result of non-optimal XDC constraints or non-optimal design architecture
Related violations: <none>

TIMING-16#32 Warning
Large setup violation  
There is a large setup violation of -7.432 ns between u_top/u_core/saved_time_s_reg[31]_replica_6/C (clocked by Clk_100MHz) and u_oled_ascii_fmt/msg_sent_s_reg[7][2]/CE (clocked by Clk_100MHz). Large setup violations at the end of those stages might be difficult to fix during the post-placement implementation flow and could be the result of non-optimal XDC constraints or non-optimal design architecture
Related violations: <none>

TIMING-16#33 Warning
Large setup violation  
There is a large setup violation of -7.434 ns between u_top/u_core/saved_time_s_reg[31]_replica_6/C (clocked by Clk_100MHz) and u_oled_ascii_fmt/msg_sent_s_reg[6][1]/CE (clocked by Clk_100MHz). Large setup violations at the end of those stages might be difficult to fix during the post-placement implementation flow and could be the result of non-optimal XDC constraints or non-optimal design architecture
Related violations: <none>

TIMING-16#34 Warning
Large setup violation  
There is a large setup violation of -7.434 ns between u_top/u_core/saved_time_s_reg[31]_replica_6/C (clocked by Clk_100MHz) and u_oled_ascii_fmt/msg_sent_s_reg[7][0]/CE (clocked by Clk_100MHz). Large setup violations at the end of those stages might be difficult to fix during the post-placement implementation flow and could be the result of non-optimal XDC constraints or non-optimal design architecture
Related violations: <none>

TIMING-16#35 Warning
Large setup violation  
There is a large setup violation of -7.443 ns between u_top/u_core/saved_time_s_reg[31]_replica_6/C (clocked by Clk_100MHz) and u_oled_ascii_fmt/msg_sent_s_reg[10][5]/CE (clocked by Clk_100MHz). Large setup violations at the end of those stages might be difficult to fix during the post-placement implementation flow and could be the result of non-optimal XDC constraints or non-optimal design architecture
Related violations: <none>

TIMING-16#36 Warning
Large setup violation  
There is a large setup violation of -7.443 ns between u_top/u_core/saved_time_s_reg[31]_replica_6/C (clocked by Clk_100MHz) and u_oled_ascii_fmt/msg_sent_s_reg[2][2]/CE (clocked by Clk_100MHz). Large setup violations at the end of those stages might be difficult to fix during the post-placement implementation flow and could be the result of non-optimal XDC constraints or non-optimal design architecture
Related violations: <none>

TIMING-16#37 Warning
Large setup violation  
There is a large setup violation of -7.443 ns between u_top/u_core/saved_time_s_reg[31]_replica_6/C (clocked by Clk_100MHz) and u_oled_ascii_fmt/msg_sent_s_reg[3][2]/CE (clocked by Clk_100MHz). Large setup violations at the end of those stages might be difficult to fix during the post-placement implementation flow and could be the result of non-optimal XDC constraints or non-optimal design architecture
Related violations: <none>

TIMING-16#38 Warning
Large setup violation  
There is a large setup violation of -7.443 ns between u_top/u_core/saved_time_s_reg[31]_replica_6/C (clocked by Clk_100MHz) and u_oled_ascii_fmt/msg_sent_s_reg[5][1]/CE (clocked by Clk_100MHz). Large setup violations at the end of those stages might be difficult to fix during the post-placement implementation flow and could be the result of non-optimal XDC constraints or non-optimal design architecture
Related violations: <none>

TIMING-16#39 Warning
Large setup violation  
There is a large setup violation of -7.443 ns between u_top/u_core/saved_time_s_reg[31]_replica_6/C (clocked by Clk_100MHz) and u_oled_ascii_fmt/msg_sent_s_reg[8][2]/CE (clocked by Clk_100MHz). Large setup violations at the end of those stages might be difficult to fix during the post-placement implementation flow and could be the result of non-optimal XDC constraints or non-optimal design architecture
Related violations: <none>

TIMING-16#40 Warning
Large setup violation  
There is a large setup violation of -7.443 ns between u_top/u_core/saved_time_s_reg[31]_replica_6/C (clocked by Clk_100MHz) and u_oled_ascii_fmt/msg_sent_s_reg[8][3]/CE (clocked by Clk_100MHz). Large setup violations at the end of those stages might be difficult to fix during the post-placement implementation flow and could be the result of non-optimal XDC constraints or non-optimal design architecture
Related violations: <none>

TIMING-16#41 Warning
Large setup violation  
There is a large setup violation of -7.443 ns between u_top/u_core/saved_time_s_reg[31]_replica_6/C (clocked by Clk_100MHz) and u_oled_ascii_fmt/msg_sent_s_reg[9][5]/CE (clocked by Clk_100MHz). Large setup violations at the end of those stages might be difficult to fix during the post-placement implementation flow and could be the result of non-optimal XDC constraints or non-optimal design architecture
Related violations: <none>

TIMING-16#42 Warning
Large setup violation  
There is a large setup violation of -7.462 ns between u_top/u_core/saved_time_s_reg[31]_replica_6/C (clocked by Clk_100MHz) and u_oled_ascii_fmt/msg_sent_s_reg[4][0]/CE (clocked by Clk_100MHz). Large setup violations at the end of those stages might be difficult to fix during the post-placement implementation flow and could be the result of non-optimal XDC constraints or non-optimal design architecture
Related violations: <none>

TIMING-16#43 Warning
Large setup violation  
There is a large setup violation of -7.462 ns between u_top/u_core/saved_time_s_reg[31]_replica_6/C (clocked by Clk_100MHz) and u_oled_ascii_fmt/msg_sent_s_reg[4][2]/CE (clocked by Clk_100MHz). Large setup violations at the end of those stages might be difficult to fix during the post-placement implementation flow and could be the result of non-optimal XDC constraints or non-optimal design architecture
Related violations: <none>

TIMING-16#44 Warning
Large setup violation  
There is a large setup violation of -7.462 ns between u_top/u_core/saved_time_s_reg[31]_replica_6/C (clocked by Clk_100MHz) and u_oled_ascii_fmt/msg_sent_s_reg[5][5]/CE (clocked by Clk_100MHz). Large setup violations at the end of those stages might be difficult to fix during the post-placement implementation flow and could be the result of non-optimal XDC constraints or non-optimal design architecture
Related violations: <none>

TIMING-16#45 Warning
Large setup violation  
There is a large setup violation of -7.462 ns between u_top/u_core/saved_time_s_reg[31]_replica_6/C (clocked by Clk_100MHz) and u_oled_ascii_fmt/msg_sent_s_reg[5][6]/CE (clocked by Clk_100MHz). Large setup violations at the end of those stages might be difficult to fix during the post-placement implementation flow and could be the result of non-optimal XDC constraints or non-optimal design architecture
Related violations: <none>

TIMING-16#46 Warning
Large setup violation  
There is a large setup violation of -7.463 ns between u_top/u_core/saved_time_s_reg[31]_replica_6/C (clocked by Clk_100MHz) and u_oled_ascii_fmt/msg_sent_s_reg[10][6]/CE (clocked by Clk_100MHz). Large setup violations at the end of those stages might be difficult to fix during the post-placement implementation flow and could be the result of non-optimal XDC constraints or non-optimal design architecture
Related violations: <none>

TIMING-16#47 Warning
Large setup violation  
There is a large setup violation of -7.463 ns between u_top/u_core/saved_time_s_reg[31]_replica_6/C (clocked by Clk_100MHz) and u_oled_ascii_fmt/msg_sent_s_reg[4][1]/CE (clocked by Clk_100MHz). Large setup violations at the end of those stages might be difficult to fix during the post-placement implementation flow and could be the result of non-optimal XDC constraints or non-optimal design architecture
Related violations: <none>

TIMING-16#48 Warning
Large setup violation  
There is a large setup violation of -7.463 ns between u_top/u_core/saved_time_s_reg[31]_replica_6/C (clocked by Clk_100MHz) and u_oled_ascii_fmt/msg_sent_s_reg[4][3]/CE (clocked by Clk_100MHz). Large setup violations at the end of those stages might be difficult to fix during the post-placement implementation flow and could be the result of non-optimal XDC constraints or non-optimal design architecture
Related violations: <none>

TIMING-16#49 Warning
Large setup violation  
There is a large setup violation of -7.463 ns between u_top/u_core/saved_time_s_reg[31]_replica_6/C (clocked by Clk_100MHz) and u_oled_ascii_fmt/msg_sent_s_reg[5][2]/CE (clocked by Clk_100MHz). Large setup violations at the end of those stages might be difficult to fix during the post-placement implementation flow and could be the result of non-optimal XDC constraints or non-optimal design architecture
Related violations: <none>

TIMING-16#50 Warning
Large setup violation  
There is a large setup violation of -7.464 ns between u_top/u_core/saved_time_s_reg[31]_replica_6/C (clocked by Clk_100MHz) and u_oled_ascii_fmt/msg_sent_s_reg[0][5]/CE (clocked by Clk_100MHz). Large setup violations at the end of those stages might be difficult to fix during the post-placement implementation flow and could be the result of non-optimal XDC constraints or non-optimal design architecture
Related violations: <none>

TIMING-16#51 Warning
Large setup violation  
There is a large setup violation of -7.464 ns between u_top/u_core/saved_time_s_reg[31]_replica_6/C (clocked by Clk_100MHz) and u_oled_ascii_fmt/msg_sent_s_reg[1][4]/CE (clocked by Clk_100MHz). Large setup violations at the end of those stages might be difficult to fix during the post-placement implementation flow and could be the result of non-optimal XDC constraints or non-optimal design architecture
Related violations: <none>

TIMING-16#52 Warning
Large setup violation  
There is a large setup violation of -7.464 ns between u_top/u_core/saved_time_s_reg[31]_replica_6/C (clocked by Clk_100MHz) and u_oled_ascii_fmt/msg_sent_s_reg[5][0]/CE (clocked by Clk_100MHz). Large setup violations at the end of those stages might be difficult to fix during the post-placement implementation flow and could be the result of non-optimal XDC constraints or non-optimal design architecture
Related violations: <none>

TIMING-16#53 Warning
Large setup violation  
There is a large setup violation of -7.464 ns between u_top/u_core/saved_time_s_reg[31]_replica_6/C (clocked by Clk_100MHz) and u_oled_ascii_fmt/msg_sent_s_reg[8][4]/CE (clocked by Clk_100MHz). Large setup violations at the end of those stages might be difficult to fix during the post-placement implementation flow and could be the result of non-optimal XDC constraints or non-optimal design architecture
Related violations: <none>

TIMING-16#54 Warning
Large setup violation  
There is a large setup violation of -7.466 ns between u_top/u_core/saved_time_s_reg[31]_replica_6/C (clocked by Clk_100MHz) and u_oled_ascii_fmt/msg_sent_s_reg[0][1]/CE (clocked by Clk_100MHz). Large setup violations at the end of those stages might be difficult to fix during the post-placement implementation flow and could be the result of non-optimal XDC constraints or non-optimal design architecture
Related violations: <none>

TIMING-16#55 Warning
Large setup violation  
There is a large setup violation of -7.466 ns between u_top/u_core/saved_time_s_reg[31]_replica_6/C (clocked by Clk_100MHz) and u_oled_ascii_fmt/msg_sent_s_reg[6][3]/CE (clocked by Clk_100MHz). Large setup violations at the end of those stages might be difficult to fix during the post-placement implementation flow and could be the result of non-optimal XDC constraints or non-optimal design architecture
Related violations: <none>

TIMING-16#56 Warning
Large setup violation  
There is a large setup violation of -7.466 ns between u_top/u_core/saved_time_s_reg[31]_replica_6/C (clocked by Clk_100MHz) and u_oled_ascii_fmt/msg_sent_s_reg[7][3]/CE (clocked by Clk_100MHz). Large setup violations at the end of those stages might be difficult to fix during the post-placement implementation flow and could be the result of non-optimal XDC constraints or non-optimal design architecture
Related violations: <none>

TIMING-16#57 Warning
Large setup violation  
There is a large setup violation of -7.466 ns between u_top/u_core/saved_time_s_reg[31]_replica_6/C (clocked by Clk_100MHz) and u_oled_ascii_fmt/msg_sent_s_reg[8][1]/CE (clocked by Clk_100MHz). Large setup violations at the end of those stages might be difficult to fix during the post-placement implementation flow and could be the result of non-optimal XDC constraints or non-optimal design architecture
Related violations: <none>

TIMING-16#58 Warning
Large setup violation  
There is a large setup violation of -7.468 ns between u_top/u_core/saved_time_s_reg[31]_replica_6/C (clocked by Clk_100MHz) and u_oled_ascii_fmt/msg_sent_s_reg[3][0]/CE (clocked by Clk_100MHz). Large setup violations at the end of those stages might be difficult to fix during the post-placement implementation flow and could be the result of non-optimal XDC constraints or non-optimal design architecture
Related violations: <none>

TIMING-16#59 Warning
Large setup violation  
There is a large setup violation of -7.468 ns between u_top/u_core/saved_time_s_reg[31]_replica_6/C (clocked by Clk_100MHz) and u_oled_ascii_fmt/msg_sent_s_reg[3][1]/CE (clocked by Clk_100MHz). Large setup violations at the end of those stages might be difficult to fix during the post-placement implementation flow and could be the result of non-optimal XDC constraints or non-optimal design architecture
Related violations: <none>

TIMING-16#60 Warning
Large setup violation  
There is a large setup violation of -7.468 ns between u_top/u_core/saved_time_s_reg[31]_replica_6/C (clocked by Clk_100MHz) and u_oled_ascii_fmt/msg_sent_s_reg[8][0]/CE (clocked by Clk_100MHz). Large setup violations at the end of those stages might be difficult to fix during the post-placement implementation flow and could be the result of non-optimal XDC constraints or non-optimal design architecture
Related violations: <none>

TIMING-16#61 Warning
Large setup violation  
There is a large setup violation of -7.468 ns between u_top/u_core/saved_time_s_reg[31]_replica_6/C (clocked by Clk_100MHz) and u_oled_ascii_fmt/msg_sent_s_reg[9][6]/CE (clocked by Clk_100MHz). Large setup violations at the end of those stages might be difficult to fix during the post-placement implementation flow and could be the result of non-optimal XDC constraints or non-optimal design architecture
Related violations: <none>

TIMING-16#62 Warning
Large setup violation  
There is a large setup violation of -7.469 ns between u_top/u_core/saved_time_s_reg[31]_replica_6/C (clocked by Clk_100MHz) and u_oled_ascii_fmt/msg_sent_s_reg[6][2]/CE (clocked by Clk_100MHz). Large setup violations at the end of those stages might be difficult to fix during the post-placement implementation flow and could be the result of non-optimal XDC constraints or non-optimal design architecture
Related violations: <none>

TIMING-18#1 Warning
Missing input or output delay  
An input delay is missing on OLED_SCL relative to the rising and/or falling clock edge(s) of Clk_100MHz.
Related violations: <none>

TIMING-18#2 Warning
Missing input or output delay  
An input delay is missing on OLED_SDA relative to the rising and/or falling clock edge(s) of Clk_100MHz.
Related violations: <none>

TIMING-18#3 Warning
Missing input or output delay  
An input delay is missing on ps2_clk relative to the rising and/or falling clock edge(s) of Clk_100MHz.
Related violations: <none>

TIMING-18#4 Warning
Missing input or output delay  
An input delay is missing on ps2_data relative to the rising and/or falling clock edge(s) of Clk_100MHz.
Related violations: <none>

TIMING-18#5 Warning
Missing input or output delay  
An input delay is missing on rst relative to the rising and/or falling clock edge(s) of Clk_100MHz.
Related violations: <none>

TIMING-18#6 Warning
Missing input or output delay  
An input delay is missing on start_btn relative to the rising and/or falling clock edge(s) of Clk_100MHz.
Related violations: <none>

TIMING-18#7 Warning
Missing input or output delay  
An output delay is missing on OLED_SCL relative to the rising and/or falling clock edge(s) of Clk_100MHz.
Related violations: <none>

TIMING-18#8 Warning
Missing input or output delay  
An output delay is missing on OLED_SDA relative to the rising and/or falling clock edge(s) of Clk_100MHz.
Related violations: <none>

TIMING-18#9 Warning
Missing input or output delay  
An output delay is missing on led[0] relative to the rising and/or falling clock edge(s) of Clk_100MHz.
Related violations: <none>

TIMING-18#10 Warning
Missing input or output delay  
An output delay is missing on led[1] relative to the rising and/or falling clock edge(s) of Clk_100MHz.
Related violations: <none>

TIMING-18#11 Warning
Missing input or output delay  
An output delay is missing on led[2] relative to the rising and/or falling clock edge(s) of Clk_100MHz.
Related violations: <none>

TIMING-18#12 Warning
Missing input or output delay  
An output delay is missing on led[3] relative to the rising and/or falling clock edge(s) of Clk_100MHz.
Related violations: <none>

CLKC-56#1 Advisory
MMCME4 with global clock driver has no LOC  
The MMCME4_ADV cell u_clk_hdmi/inst/mmcme4_adv_inst CLKIN1 or CLKIN2 pin is driven by global Clock buffer(s) clk_s_BUFG_inst and does not have a LOC constraint. It is recommended to LOC the MMCM and use the CLOCK_DEDICATED_ROUTE constraint on the net(s) driven by the global Clock buffer(s).
Related violations: <none>


